// Vitest Snapshot v1, https://vitest.dev/guide/snapshot.html

exports[`DirectoryExpander 1`] = `
{
  "expandedContent": "",
  "files": [],
  "processedDirectories": [],
  "stats": {
    "errorCount": 0,
    "totalFiles": 0,
    "totalSize": 0,
  },
}
`;
