// Vitest Snapshot v1, https://vitest.dev/guide/snapshot.html

exports[`Browser MCP Server > Server Configuration > should list all available tools 1`] = `
[
  "browser_navigate",
  "browser_screenshot",
  "browser_click",
  "browser_form_input_fill",
  "browser_select",
  "browser_hover",
  "browser_evaluate",
  "browser_get_html",
  "browser_get_clickable_elements",
  "browser_get_text",
  "browser_get_markdown",
  "browser_read_links",
  "browser_scroll",
  "browser_go_back",
  "browser_go_forward",
  "browser_tab_list",
  "browser_new_tab",
  "browser_close",
  "browser_close_tab",
  "browser_switch_tab",
  "browser_press_key",
  "browser_get_download_list",
]
`;
